18:12:47 **** Incremental Build of configuration Debug for project practica_4.2_Emma ****
make -j4 all 
arm-none-eabi-size   practica_4.2_Emma.elf 
   text	   data	    bss	    dec	    hex	filename
   6880	     60	   1596	   8536	   2158	practica_4.2_Emma.elf
Finished building: default.size.stdout
 
18:12:57 **** Incremental Build of configuration Debug for project practica_4.2_Emma ****
make -j4 all 
arm-none-eabi-size   practica_4.2_Emma.elf 
   text	   data	    bss	    dec	    hex	filename
   6880	     60	   1596	   8536	   2158	practica_4.2_Emma.elf
Finished building: default.size.stdout
 
