23:41:00 **** Incremental Build of configuration Debug for project Practica3_Emma ****
make -j4 all 
arm-none-eabi-size   Practica3_Emma.elf 
   text	   data	    bss	    dec	    hex	filename
   6636	     48	   1576	   8260	   2044	Practica3_Emma.elf
Finished building: default.size.stdout
 
23:41:13 **** Incremental Build of configuration Debug for project Practica3_Emma ****
make -j4 all 
arm-none-eabi-size   Practica3_Emma.elf 
   text	   data	    bss	    dec	    hex	filename
   6636	     48	   1576	   8260	   2044	Practica3_Emma.elf
Finished building: default.size.stdout
 
